=== COMBAT: "SimpleAgent_vs_Gremlin Nob_7244678248054073170" ===
Agent: SimpleAgent
Seed: 7244678248054073170 | Ascension: 20 | Floor: 0

Initial State:
  Player: 60/75 HP, 3 Energy
  Enemy: Gremlin Nob (89 HP)
  Hand: Strike(1), Defend(1), Strike(1), Ascender's Bane(-3), Shrug It Off(1)
  Deck: 12 cards remaining

Final Result:
  Outcome: PLAYER_LOSS
  Player HP: 0/75
  Turns: 4
  RNG Counters: shuffle=2, cardRandom=0, misc=0
