=== COMBAT: "SimpleAgent_vs_Cultist_10448332194052148378" ===
Agent: SimpleAgent
Seed: 10448332194052148378 | Ascension: 20 | Floor: 0

Initial State:
  Player: 64/75 HP, 3 Energy
  Enemy: Cultist (52 HP)
  Hand: Strike(1), Defend(1), Defend(1), Strike(1), Strike(1)
  Deck: 6 cards remaining

Final Result:
  Outcome: PLAYER_VICTORY
  Player HP: 51/75
  Turns: 4
  RNG Counters: shuffle=3, cardRandom=0, misc=0
