=== COMBAT: "SimpleAgent_vs_Large Slime_7508310673056056017" ===
Agent: SimpleAgent
Seed: 7508310673056056017 | Ascension: 20 | Floor: 5

Initial State:
  Player: 52/75 HP, 3 Energy
  Enemy: Large Slime (69 HP)
  Hand: Shockwave(2), Defend(1), Strike(1), Defend(1), Bash(2)
  Deck: 8 cards remaining

Final Result:
  Outcome: PLAYER_LOSS
  Player HP: 0/75
  Turns: 11
  RNG Counters: shuffle=5, cardRandom=0, misc=1
