=== COMBAT: "SimpleAgent_vs_Jaw Worm_16978076956793254264" ===
Agent: SimpleAgent
Seed: 16978076956793254264 | Ascension: 20 | Floor: 3

Initial State:
  Player: 58/75 HP, 3 Energy
  Enemy: Jaw Worm (46 HP)
  Hand: Defend(1), Strike(1), Defend(1), Strike(1), Bash(2)
  Deck: 7 cards remaining
  Relics: Burning Blood, Membership Card

Final Result:
  Outcome: PLAYER_VICTORY
  Player HP: 43/75
  Turns: 6
  RNG Counters: shuffle=4, cardRandom=0, misc=0
