=== COMBAT: "SimpleAgent_vs_Two Louse_10448332194052148378" ===
Agent: SimpleAgent
Seed: 10448332194052148378 | Ascension: 20 | Floor: 0

Initial State:
  Player: 66/75 HP, 3 Energy
  Enemy: Two Louse (14 HP)
  Hand: Bash(2), Strike(1), Defend(1), Defend(1), Strike(1)
  Deck: 5 cards remaining

Final Result:
  Outcome: PLAYER_VICTORY
  Player HP: 65/75
  Turns: 4
  RNG Counters: shuffle=3, cardRandom=0, misc=2
